EDITOR=fake-editor retro_date=1997-06-05 retro add
EDITOR doc/retro/1997/06/05.md
doc/retro/1997/06/05.md
echo "- do something" >> doc/retro/1997/06/05.md
EDITOR=fake-editor retro_date=1997-06-05 retro add
EDITOR doc/retro/1997/06/05.md
doc/retro/1997/06/05.md
echo "- do something different" >> doc/retro/1997/06/05.md
retro latest
# 1997-06-05
## Who

## What happened

## Insights

## Actions
- do something different
